2026-07-22 06:40:00,440 ERROR scheduler Skipped queueing frappe.desk.page.backups.backups.delete_downloadable_backups because it was found in queue for library.local
2026-07-22 06:40:00,444 ERROR scheduler Skipped queueing frappe.core.doctype.prepared_report.prepared_report.expire_stalled_report because it was found in queue for library.local
2026-07-22 06:40:00,445 ERROR scheduler Skipped queueing frappe.website.doctype.personal_data_deletion_request.personal_data_deletion_request.process_data_deletion_request because it was found in queue for library.local
2026-07-22 06:40:00,446 ERROR scheduler Skipped queueing frappe.oauth.delete_oauth2_data because it was found in queue for library.local
2026-07-22 06:40:00,447 ERROR scheduler Skipped queueing frappe.desk.form.document_follow.send_hourly_updates because it was found in queue for library.local
2026-07-22 06:40:00,451 ERROR scheduler Skipped queueing frappe.twofactor.delete_all_barcodes_for_users because it was found in queue for library.local
2026-07-23 11:36:00,176 ERROR scheduler Skipped queueing frappe.desk.form.document_follow.send_hourly_updates because it was found in queue for library.local
2026-07-23 11:36:00,182 ERROR scheduler Skipped queueing frappe.desk.page.backups.backups.delete_downloadable_backups because it was found in queue for library.local
2026-07-23 11:36:00,182 ERROR scheduler Skipped queueing frappe.twofactor.delete_all_barcodes_for_users because it was found in queue for library.local
2026-07-24 08:12:00,091 ERROR scheduler Skipped queueing frappe.website.doctype.web_page.web_page.check_publish_status because it was found in queue for library.local
2026-07-24 08:12:00,095 ERROR scheduler Skipped queueing frappe.core.doctype.prepared_report.prepared_report.expire_stalled_report because it was found in queue for library.local
2026-07-24 08:12:00,098 ERROR scheduler Skipped queueing frappe.oauth.delete_oauth2_data because it was found in queue for library.local
2026-07-24 08:12:00,100 ERROR scheduler Skipped queueing frappe.website.doctype.personal_data_deletion_request.personal_data_deletion_request.process_data_deletion_request because it was found in queue for library.local
2026-07-24 08:12:00,101 ERROR scheduler Skipped queueing frappe.desk.page.backups.backups.delete_downloadable_backups because it was found in queue for library.local
2026-07-24 08:12:00,102 ERROR scheduler Skipped queueing frappe.model.utils.user_settings.sync_user_settings because it was found in queue for library.local
2026-07-24 08:12:00,103 ERROR scheduler Skipped queueing frappe.desk.utils.delete_old_exported_report_files because it was found in queue for library.local
2026-07-24 08:12:00,104 ERROR scheduler Skipped queueing frappe.twofactor.delete_all_barcodes_for_users because it was found in queue for library.local
2026-07-24 08:12:00,105 ERROR scheduler Skipped queueing frappe.desk.form.document_follow.send_hourly_updates because it was found in queue for library.local
2026-07-29 11:48:00,551 ERROR scheduler Skipped queueing frappe.integrations.doctype.google_calendar.google_calendar.sync because it was found in queue for library.local
2026-07-29 11:48:00,555 ERROR scheduler Skipped queueing frappe.automation.doctype.reminder.reminder.send_reminders because it was found in queue for library.local
2026-07-29 11:48:00,556 ERROR scheduler Skipped queueing frappe.email.queue.flush because it was found in queue for library.local
2026-07-29 11:48:00,558 ERROR scheduler Skipped queueing frappe.monitor.flush because it was found in queue for library.local
2026-07-29 11:48:00,558 ERROR scheduler Skipped queueing frappe.email.doctype.notification.notification.trigger_offset_alerts because it was found in queue for library.local
2026-07-29 11:48:00,559 ERROR scheduler Skipped queueing frappe.utils.telemetry.pulse.client.send_queued_events because it was found in queue for library.local
2026-07-29 11:48:00,560 ERROR scheduler Skipped queueing frappe.email.queue.retry_sending_emails because it was found in queue for library.local
2026-07-29 11:48:00,562 ERROR scheduler Skipped queueing frappe.model.utils.link_count.update_link_count because it was found in queue for library.local
2026-07-29 11:48:00,563 ERROR scheduler Skipped queueing frappe.email.doctype.email_account.email_account.notify_unreplied because it was found in queue for library.local
2026-07-29 11:48:00,564 ERROR scheduler Skipped queueing frappe.utils.global_search.sync_global_search because it was found in queue for library.local
2026-07-29 11:48:00,565 ERROR scheduler Skipped queueing frappe.deferred_insert.save_to_db because it was found in queue for library.local
2026-08-03 12:32:00,454 ERROR scheduler Skipped queueing frappe.core.doctype.prepared_report.prepared_report.expire_stalled_report because it was found in queue for library.local
2026-08-03 12:32:00,457 ERROR scheduler Skipped queueing frappe.model.utils.user_settings.sync_user_settings because it was found in queue for library.local
2026-08-03 12:32:00,458 ERROR scheduler Skipped queueing frappe.desk.form.document_follow.send_hourly_updates because it was found in queue for library.local
2026-08-03 12:32:00,459 ERROR scheduler Skipped queueing frappe.website.doctype.personal_data_deletion_request.personal_data_deletion_request.process_data_deletion_request because it was found in queue for library.local
2026-08-03 12:32:00,460 ERROR scheduler Skipped queueing frappe.desk.page.backups.backups.delete_downloadable_backups because it was found in queue for library.local
2026-08-03 12:32:00,461 ERROR scheduler Skipped queueing frappe.twofactor.delete_all_barcodes_for_users because it was found in queue for library.local
2026-08-03 12:32:00,462 ERROR scheduler Skipped queueing frappe.website.doctype.web_page.web_page.check_publish_status because it was found in queue for library.local
2026-08-03 12:32:00,463 ERROR scheduler Skipped queueing frappe.desk.utils.delete_old_exported_report_files because it was found in queue for library.local
2026-08-03 12:32:00,470 ERROR scheduler Skipped queueing frappe.oauth.delete_oauth2_data because it was found in queue for library.local
2026-08-03 13:44:00,608 ERROR scheduler Skipped queueing frappe.desk.form.document_follow.send_hourly_updates because it was found in queue for library.local
2026-08-03 13:44:00,610 ERROR scheduler Skipped queueing frappe.website.doctype.web_page.web_page.check_publish_status because it was found in queue for library.local
2026-08-03 13:44:00,613 ERROR scheduler Skipped queueing frappe.twofactor.delete_all_barcodes_for_users because it was found in queue for library.local
2026-08-03 13:44:00,616 ERROR scheduler Skipped queueing frappe.website.doctype.personal_data_deletion_request.personal_data_deletion_request.process_data_deletion_request because it was found in queue for library.local
2026-08-04 11:20:00,192 ERROR scheduler Skipped queueing frappe.utils.telemetry.pulse.client.send_queued_events because it was found in queue for library.local
2026-08-04 11:20:00,195 ERROR scheduler Skipped queueing frappe.email.queue.flush because it was found in queue for library.local
2026-08-04 11:20:00,197 ERROR scheduler Skipped queueing frappe.automation.doctype.reminder.reminder.send_reminders because it was found in queue for library.local
2026-08-04 11:20:00,198 ERROR scheduler Skipped queueing frappe.deferred_insert.save_to_db because it was found in queue for library.local
2026-08-04 11:20:00,199 ERROR scheduler Skipped queueing frappe.email.queue.retry_sending_emails because it was found in queue for library.local
2026-08-04 11:20:00,201 ERROR scheduler Skipped queueing frappe.monitor.flush because it was found in queue for library.local
2026-08-04 11:20:00,202 ERROR scheduler Skipped queueing frappe.integrations.doctype.google_calendar.google_calendar.sync because it was found in queue for library.local
2026-08-04 11:20:00,203 ERROR scheduler Skipped queueing frappe.model.utils.link_count.update_link_count because it was found in queue for library.local
2026-08-04 11:20:00,204 ERROR scheduler Skipped queueing frappe.email.doctype.email_account.email_account.notify_unreplied because it was found in queue for library.local
2026-08-04 11:20:00,206 ERROR scheduler Skipped queueing frappe.email.doctype.notification.notification.trigger_offset_alerts because it was found in queue for library.local
2026-08-04 11:20:00,207 ERROR scheduler Skipped queueing frappe.utils.global_search.sync_global_search because it was found in queue for library.local
