2026-07-23 11:36:00,191 ERROR scheduler Skipped queueing frappe.core.doctype.prepared_report.prepared_report.expire_stalled_report because it was found in queue for project
2026-07-23 11:36:00,193 ERROR scheduler Skipped queueing frappe.desk.utils.delete_old_exported_report_files because it was found in queue for project
2026-07-23 11:36:00,194 ERROR scheduler Skipped queueing frappe.desk.form.document_follow.send_hourly_updates because it was found in queue for project
2026-07-23 11:36:00,195 ERROR scheduler Skipped queueing frappe.twofactor.delete_all_barcodes_for_users because it was found in queue for project
2026-07-23 11:36:00,197 ERROR scheduler Skipped queueing frappe.model.utils.user_settings.sync_user_settings because it was found in queue for project
2026-07-23 11:36:00,198 ERROR scheduler Skipped queueing frappe.desk.page.backups.backups.delete_downloadable_backups because it was found in queue for project
2026-07-23 11:36:00,198 ERROR scheduler Skipped queueing frappe.website.doctype.personal_data_deletion_request.personal_data_deletion_request.process_data_deletion_request because it was found in queue for project
2026-07-23 11:36:00,199 ERROR scheduler Skipped queueing frappe.website.doctype.web_page.web_page.check_publish_status because it was found in queue for project
2026-07-23 11:36:00,200 ERROR scheduler Skipped queueing frappe.oauth.delete_oauth2_data because it was found in queue for project
2026-07-24 07:20:00,209 ERROR scheduler Skipped queueing frappe.automation.doctype.reminder.reminder.send_reminders because it was found in queue for project
2026-07-24 07:20:00,212 ERROR scheduler Skipped queueing frappe.monitor.flush because it was found in queue for project
2026-07-24 07:20:00,213 ERROR scheduler Skipped queueing frappe.email.queue.retry_sending_emails because it was found in queue for project
2026-07-24 07:20:00,214 ERROR scheduler Skipped queueing frappe.utils.telemetry.pulse.client.send_queued_events because it was found in queue for project
2026-07-24 07:20:00,214 ERROR scheduler Skipped queueing frappe.integrations.doctype.google_calendar.google_calendar.sync because it was found in queue for project
2026-07-24 07:20:00,215 ERROR scheduler Skipped queueing frappe.email.doctype.notification.notification.trigger_offset_alerts because it was found in queue for project
2026-07-24 07:20:00,216 ERROR scheduler Skipped queueing frappe.deferred_insert.save_to_db because it was found in queue for project
2026-07-24 07:20:00,217 ERROR scheduler Skipped queueing frappe.email.doctype.email_account.email_account.notify_unreplied because it was found in queue for project
2026-07-24 07:20:00,218 ERROR scheduler Skipped queueing frappe.email.queue.flush because it was found in queue for project
2026-07-24 07:20:00,219 ERROR scheduler Skipped queueing frappe.utils.global_search.sync_global_search because it was found in queue for project
2026-07-24 07:20:00,219 ERROR scheduler Skipped queueing frappe.model.utils.link_count.update_link_count because it was found in queue for project
2026-08-03 12:32:00,433 ERROR scheduler Skipped queueing frappe.website.doctype.personal_data_deletion_request.personal_data_deletion_request.process_data_deletion_request because it was found in queue for project
2026-08-03 12:32:00,436 ERROR scheduler Skipped queueing frappe.desk.utils.delete_old_exported_report_files because it was found in queue for project
2026-08-03 12:32:00,438 ERROR scheduler Skipped queueing frappe.oauth.delete_oauth2_data because it was found in queue for project
2026-08-03 12:32:00,439 ERROR scheduler Skipped queueing frappe.desk.page.backups.backups.delete_downloadable_backups because it was found in queue for project
2026-08-03 12:32:00,442 ERROR scheduler Skipped queueing frappe.twofactor.delete_all_barcodes_for_users because it was found in queue for project
2026-08-03 12:32:00,443 ERROR scheduler Skipped queueing frappe.desk.form.document_follow.send_hourly_updates because it was found in queue for project
2026-08-03 12:32:00,444 ERROR scheduler Skipped queueing frappe.model.utils.user_settings.sync_user_settings because it was found in queue for project
2026-08-03 12:32:00,447 ERROR scheduler Skipped queueing frappe.website.doctype.web_page.web_page.check_publish_status because it was found in queue for project
2026-08-03 12:32:00,448 ERROR scheduler Skipped queueing frappe.core.doctype.prepared_report.prepared_report.expire_stalled_report because it was found in queue for project
2026-08-03 13:44:00,553 ERROR scheduler Skipped queueing frappe.model.utils.user_settings.sync_user_settings because it was found in queue for project
2026-08-03 13:44:00,556 ERROR scheduler Skipped queueing frappe.website.doctype.web_page.web_page.check_publish_status because it was found in queue for project
2026-08-03 13:44:00,562 ERROR scheduler Skipped queueing frappe.website.doctype.personal_data_deletion_request.personal_data_deletion_request.process_data_deletion_request because it was found in queue for project
2026-08-03 13:44:00,564 ERROR scheduler Skipped queueing frappe.desk.form.document_follow.send_hourly_updates because it was found in queue for project
2026-08-03 13:44:00,565 ERROR scheduler Skipped queueing frappe.oauth.delete_oauth2_data because it was found in queue for project
2026-08-03 13:44:00,566 ERROR scheduler Skipped queueing frappe.desk.utils.delete_old_exported_report_files because it was found in queue for project
2026-08-03 13:44:00,569 ERROR scheduler Skipped queueing frappe.desk.page.backups.backups.delete_downloadable_backups because it was found in queue for project
2026-08-03 13:44:00,571 ERROR scheduler Skipped queueing frappe.core.doctype.prepared_report.prepared_report.expire_stalled_report because it was found in queue for project
2026-08-03 13:44:00,573 ERROR scheduler Skipped queueing frappe.twofactor.delete_all_barcodes_for_users because it was found in queue for project
2026-08-04 11:20:00,133 ERROR scheduler Skipped queueing frappe.monitor.flush because it was found in queue for project
2026-08-04 11:20:00,161 ERROR scheduler Skipped queueing frappe.email.queue.retry_sending_emails because it was found in queue for project
2026-08-04 11:20:00,164 ERROR scheduler Skipped queueing frappe.email.queue.flush because it was found in queue for project
2026-08-04 11:20:00,165 ERROR scheduler Skipped queueing frappe.integrations.doctype.google_calendar.google_calendar.sync because it was found in queue for project
2026-08-04 11:20:00,167 ERROR scheduler Skipped queueing frappe.utils.global_search.sync_global_search because it was found in queue for project
2026-08-04 11:20:00,168 ERROR scheduler Skipped queueing frappe.model.utils.link_count.update_link_count because it was found in queue for project
2026-08-04 11:20:00,169 ERROR scheduler Skipped queueing frappe.email.doctype.email_account.email_account.notify_unreplied because it was found in queue for project
2026-08-04 11:20:00,171 ERROR scheduler Skipped queueing frappe.utils.telemetry.pulse.client.send_queued_events because it was found in queue for project
2026-08-04 11:20:00,172 ERROR scheduler Skipped queueing frappe.automation.doctype.reminder.reminder.send_reminders because it was found in queue for project
2026-08-04 11:20:00,174 ERROR scheduler Skipped queueing frappe.email.doctype.notification.notification.trigger_offset_alerts because it was found in queue for project
2026-08-04 11:20:00,178 ERROR scheduler Skipped queueing frappe.deferred_insert.save_to_db because it was found in queue for project
